<?xml version="1.0" encoding="utf-8"?><testsuites><testsuite name="pytest" errors="0" failures="0" skipped="0" tests="6" time="43.626" timestamp="2022-09-02T12:46:45.155380" hostname="MacBook-Pro-Home.local"><testcase classname="tests.sportscar.body.test_body.BodyTests" name="test_body_as_expected" time="0.001" /><testcase classname="tests.sportscar.body.test_body.BodyTests" name="test_other_test_name" time="0.000" /><testcase classname="tests.sportscar.body.test_body.BodyTests" name="test_navigate_to_page" time="41.306" /><testcase classname="tests.sportscar.engine.test_engine" name="test_engine_as_expected" time="0.001" /><testcase classname="tests.sportscar.engine.test_engine" name="test_engine_web" time="1.570" /><testcase classname="tests.sportscar.entertainment.test_entertainment.EntertainmentTests" name="test_navigate_to_page" time="0.640" /></testsuite></testsuites>